2026-01-30T13:52:14.1641755Z Current runner version: '2.331.0'
2026-01-30T13:52:14.1666206Z ##[group]Runner Image Provisioner
2026-01-30T13:52:14.1667091Z Hosted Compute Agent
2026-01-30T13:52:14.1667587Z Version: 20260123.484
2026-01-30T13:52:14.1668269Z Commit: 6bd6555ca37d84114959e1c76d2c01448ff61c5d
2026-01-30T13:52:14.1668942Z Build Date: 2026-01-23T19:41:17Z
2026-01-30T13:52:14.1669524Z Worker ID: {9bd04201-de6e-42de-a21f-c29d00a64cf2}
2026-01-30T13:52:14.1670305Z Azure Region: westus
2026-01-30T13:52:14.1670995Z ##[endgroup]
2026-01-30T13:52:14.1672413Z ##[group]Operating System
2026-01-30T13:52:14.1673094Z Ubuntu
2026-01-30T13:52:14.1673581Z 24.04.3
2026-01-30T13:52:14.1674037Z LTS
2026-01-30T13:52:14.1674618Z ##[endgroup]
2026-01-30T13:52:14.1675171Z ##[group]Runner Image
2026-01-30T13:52:14.1675763Z Image: ubuntu-24.04
2026-01-30T13:52:14.1676357Z Version: 20260126.10.1
2026-01-30T13:52:14.1677538Z Included Software: https://github.com/actions/runner-images/blob/ubuntu24/20260126.10/images/ubuntu/Ubuntu2404-Readme.md
2026-01-30T13:52:14.1679069Z Image Release: https://github.com/actions/runner-images/releases/tag/ubuntu24%2F20260126.10
2026-01-30T13:52:14.1679988Z ##[endgroup]
2026-01-30T13:52:14.1681262Z ##[group]GITHUB_TOKEN Permissions
2026-01-30T13:52:14.1683121Z Contents: read
2026-01-30T13:52:14.1683643Z Metadata: read
2026-01-30T13:52:14.1684245Z Packages: read
2026-01-30T13:52:14.1684726Z ##[endgroup]
2026-01-30T13:52:14.1686822Z Secret source: Actions
2026-01-30T13:52:14.1687484Z Prepare workflow directory
2026-01-30T13:52:14.2018122Z Prepare all required actions
2026-01-30T13:52:14.2057143Z Getting action download info
2026-01-30T13:52:14.7010114Z Download action repository 'actions/checkout@v4' (SHA:34e114876b0b11c390a56381ad16ebd13914f8d5)
2026-01-30T13:52:14.7903816Z Download action repository 'actions/setup-python@v5' (SHA:a26af69be951a213d495a4c3e4e4022e16d87065)
2026-01-30T13:52:14.9184998Z Download action repository 'codecov/codecov-action@v4' (SHA:b9fd7d16f6d7d1b5d2bec1a2887e65ceed900238)
2026-01-30T13:52:15.6012553Z Complete job name: test (3.13)
2026-01-30T13:52:15.6641209Z ##[group]Run actions/checkout@v4
2026-01-30T13:52:15.6642092Z with:
2026-01-30T13:52:15.6642504Z   repository: EnglandLobster/yuque-mcp
2026-01-30T13:52:15.6643189Z   token: ***
2026-01-30T13:52:15.6643558Z   ssh-strict: true
2026-01-30T13:52:15.6643935Z   ssh-user: git
2026-01-30T13:52:15.6644322Z   persist-credentials: true
2026-01-30T13:52:15.6644744Z   clean: true
2026-01-30T13:52:15.6645129Z   sparse-checkout-cone-mode: true
2026-01-30T13:52:15.6645587Z   fetch-depth: 1
2026-01-30T13:52:15.6645959Z   fetch-tags: false
2026-01-30T13:52:15.6646341Z   show-progress: true
2026-01-30T13:52:15.6646721Z   lfs: false
2026-01-30T13:52:15.6647085Z   submodules: false
2026-01-30T13:52:15.6647471Z   set-safe-directory: true
2026-01-30T13:52:15.6648127Z ##[endgroup]
2026-01-30T13:52:15.7726119Z Syncing repository: EnglandLobster/yuque-mcp
2026-01-30T13:52:15.7728048Z ##[group]Getting Git version info
2026-01-30T13:52:15.7728850Z Working directory is '/home/runner/work/yuque-mcp/yuque-mcp'
2026-01-30T13:52:15.7729865Z [command]/usr/bin/git version
2026-01-30T13:52:15.7824159Z git version 2.52.0
2026-01-30T13:52:15.7852765Z ##[endgroup]
2026-01-30T13:52:15.7876397Z Temporarily overriding HOME='/home/runner/work/_temp/0ffda13f-1144-4ff2-ba10-39afc3111fa0' before making global git config changes
2026-01-30T13:52:15.7878899Z Adding repository directory to the temporary git global config as a safe directory
2026-01-30T13:52:15.7883224Z [command]/usr/bin/git config --global --add safe.directory /home/runner/work/yuque-mcp/yuque-mcp
2026-01-30T13:52:15.7923130Z Deleting the contents of '/home/runner/work/yuque-mcp/yuque-mcp'
2026-01-30T13:52:15.7926904Z ##[group]Initializing the repository
2026-01-30T13:52:15.7931749Z [command]/usr/bin/git init /home/runner/work/yuque-mcp/yuque-mcp
2026-01-30T13:52:15.8034984Z hint: Using 'master' as the name for the initial branch. This default branch name
2026-01-30T13:52:15.8036595Z hint: will change to "main" in Git 3.0. To configure the initial branch name
2026-01-30T13:52:15.8038576Z hint: to use in all of your new repositories, which will suppress this warning,
2026-01-30T13:52:15.8039754Z hint: call:
2026-01-30T13:52:15.8040340Z hint:
2026-01-30T13:52:15.8041403Z hint: 	git config --global init.defaultBranch <name>
2026-01-30T13:52:15.8042232Z hint:
2026-01-30T13:52:15.8042790Z hint: Names commonly chosen instead of 'master' are 'main', 'trunk' and
2026-01-30T13:52:15.8043667Z hint: 'development'. The just-created branch can be renamed via this command:
2026-01-30T13:52:15.8044352Z hint:
2026-01-30T13:52:15.8044716Z hint: 	git branch -m <name>
2026-01-30T13:52:15.8045142Z hint:
2026-01-30T13:52:15.8046047Z hint: Disable this message with "git config set advice.defaultBranchName false"
2026-01-30T13:52:15.8047139Z Initialized empty Git repository in /home/runner/work/yuque-mcp/yuque-mcp/.git/
2026-01-30T13:52:15.8051747Z [command]/usr/bin/git remote add origin https://github.com/EnglandLobster/yuque-mcp
2026-01-30T13:52:15.8086144Z ##[endgroup]
2026-01-30T13:52:15.8086870Z ##[group]Disabling automatic garbage collection
2026-01-30T13:52:15.8091240Z [command]/usr/bin/git config --local gc.auto 0
2026-01-30T13:52:15.8119430Z ##[endgroup]
2026-01-30T13:52:15.8120072Z ##[group]Setting up auth
2026-01-30T13:52:15.8126809Z [command]/usr/bin/git config --local --name-only --get-regexp core\.sshCommand
2026-01-30T13:52:15.8156174Z [command]/usr/bin/git submodule foreach --recursive sh -c "git config --local --name-only --get-regexp 'core\.sshCommand' && git config --local --unset-all 'core.sshCommand' || :"
2026-01-30T13:52:15.8521628Z [command]/usr/bin/git config --local --name-only --get-regexp http\.https\:\/\/github\.com\/\.extraheader
2026-01-30T13:52:15.8555156Z [command]/usr/bin/git submodule foreach --recursive sh -c "git config --local --name-only --get-regexp 'http\.https\:\/\/github\.com\/\.extraheader' && git config --local --unset-all 'http.https://github.com/.extraheader' || :"
2026-01-30T13:52:15.8781874Z [command]/usr/bin/git config --local --name-only --get-regexp ^includeIf\.gitdir:
2026-01-30T13:52:15.8818056Z [command]/usr/bin/git submodule foreach --recursive git config --local --show-origin --name-only --get-regexp remote.origin.url
2026-01-30T13:52:15.9044140Z [command]/usr/bin/git config --local http.https://github.com/.extraheader AUTHORIZATION: basic ***
2026-01-30T13:52:15.9077716Z ##[endgroup]
2026-01-30T13:52:15.9086125Z ##[group]Fetching the repository
2026-01-30T13:52:15.9088708Z [command]/usr/bin/git -c protocol.version=2 fetch --no-tags --prune --no-recurse-submodules --depth=1 origin +6970d15f71b58e80de0865ea4835baef0beb61c4:refs/remotes/origin/main
2026-01-30T13:52:16.3073774Z From https://github.com/EnglandLobster/yuque-mcp
2026-01-30T13:52:16.3105445Z  * [new ref]         6970d15f71b58e80de0865ea4835baef0beb61c4 -> origin/main
2026-01-30T13:52:16.3108199Z ##[endgroup]
2026-01-30T13:52:16.3109428Z ##[group]Determining the checkout info
2026-01-30T13:52:16.3111073Z ##[endgroup]
2026-01-30T13:52:16.3115818Z [command]/usr/bin/git sparse-checkout disable
2026-01-30T13:52:16.3157803Z [command]/usr/bin/git config --local --unset-all extensions.worktreeConfig
2026-01-30T13:52:16.3184471Z ##[group]Checking out the ref
2026-01-30T13:52:16.3189037Z [command]/usr/bin/git checkout --progress --force -B main refs/remotes/origin/main
2026-01-30T13:52:16.3253241Z Switched to a new branch 'main'
2026-01-30T13:52:16.3255906Z branch 'main' set up to track 'origin/main'.
2026-01-30T13:52:16.3262675Z ##[endgroup]
2026-01-30T13:52:16.3297632Z [command]/usr/bin/git log -1 --format=%H
2026-01-30T13:52:16.3321647Z 6970d15f71b58e80de0865ea4835baef0beb61c4
2026-01-30T13:52:16.3568373Z ##[group]Run actions/setup-python@v5
2026-01-30T13:52:16.3568894Z with:
2026-01-30T13:52:16.3569241Z   python-version: 3.13
2026-01-30T13:52:16.3569644Z   check-latest: false
2026-01-30T13:52:16.3570161Z   token: ***
2026-01-30T13:52:16.3570764Z   update-environment: true
2026-01-30T13:52:16.3571245Z   allow-prereleases: false
2026-01-30T13:52:16.3571706Z   freethreaded: false
2026-01-30T13:52:16.3572339Z ##[endgroup]
2026-01-30T13:52:16.5265942Z ##[group]Installed versions
2026-01-30T13:52:16.5375988Z Successfully set up CPython (3.13.11)
2026-01-30T13:52:16.5377438Z ##[endgroup]
2026-01-30T13:52:16.5511542Z ##[group]Run python -m pip install --upgrade pip
2026-01-30T13:52:16.5512265Z [36;1mpython -m pip install --upgrade pip[0m
2026-01-30T13:52:16.5512823Z [36;1mpip install -e ".[dev]"[0m
2026-01-30T13:52:16.6569622Z shell: /usr/bin/bash -e {0}
2026-01-30T13:52:16.6570166Z env:
2026-01-30T13:52:16.6571028Z   pythonLocation: /opt/hostedtoolcache/Python/3.13.11/x64
2026-01-30T13:52:16.6571869Z   PKG_CONFIG_PATH: /opt/hostedtoolcache/Python/3.13.11/x64/lib/pkgconfig
2026-01-30T13:52:16.6572670Z   Python_ROOT_DIR: /opt/hostedtoolcache/Python/3.13.11/x64
2026-01-30T13:52:16.6573391Z   Python2_ROOT_DIR: /opt/hostedtoolcache/Python/3.13.11/x64
2026-01-30T13:52:16.6574143Z   Python3_ROOT_DIR: /opt/hostedtoolcache/Python/3.13.11/x64
2026-01-30T13:52:16.6574899Z   LD_LIBRARY_PATH: /opt/hostedtoolcache/Python/3.13.11/x64/lib
2026-01-30T13:52:16.6575548Z ##[endgroup]
2026-01-30T13:52:19.3419210Z Requirement already satisfied: pip in /opt/hostedtoolcache/Python/3.13.11/x64/lib/python3.13/site-packages (25.3)
2026-01-30T13:52:20.2298946Z Obtaining file:///home/runner/work/yuque-mcp/yuque-mcp
2026-01-30T13:52:20.2322077Z   Installing build dependencies: started
2026-01-30T13:52:21.0233500Z   Installing build dependencies: finished with status 'done'
2026-01-30T13:52:21.0238082Z   Checking if build backend supports build_editable: started
2026-01-30T13:52:21.0844258Z   Checking if build backend supports build_editable: finished with status 'done'
2026-01-30T13:52:21.0851646Z   Getting requirements to build editable: started
2026-01-30T13:52:21.2406330Z   Getting requirements to build editable: finished with status 'done'
2026-01-30T13:52:21.2420078Z   Installing backend dependencies: started
2026-01-30T13:52:21.7681094Z   Installing backend dependencies: finished with status 'done'
2026-01-30T13:52:21.7754073Z   Preparing editable metadata (pyproject.toml): started
2026-01-30T13:52:21.9692703Z   Preparing editable metadata (pyproject.toml): finished with status 'done'
2026-01-30T13:52:22.0603706Z Collecting fastmcp>=2.0.0 (from yuque-mcp==0.2.0)
2026-01-30T13:52:22.1131483Z   Downloading fastmcp-2.14.4-py3-none-any.whl.metadata (20 kB)
2026-01-30T13:52:22.1364699Z Collecting httpx>=0.27.0 (from yuque-mcp==0.2.0)
2026-01-30T13:52:22.1393834Z   Downloading httpx-0.28.1-py3-none-any.whl.metadata (7.1 kB)
2026-01-30T13:52:22.1586539Z Collecting pydantic-settings>=2.0.0 (from yuque-mcp==0.2.0)
2026-01-30T13:52:22.1617759Z   Downloading pydantic_settings-2.12.0-py3-none-any.whl.metadata (3.4 kB)
2026-01-30T13:52:22.2947879Z Collecting pydantic>=2.0.0 (from yuque-mcp==0.2.0)
2026-01-30T13:52:22.2981771Z   Downloading pydantic-2.12.5-py3-none-any.whl.metadata (90 kB)
2026-01-30T13:52:22.3333767Z Collecting python-dotenv>=1.0.0 (from yuque-mcp==0.2.0)
2026-01-30T13:52:22.3364323Z   Downloading python_dotenv-1.2.1-py3-none-any.whl.metadata (25 kB)
2026-01-30T13:52:22.4425653Z Collecting mypy>=1.0.0 (from yuque-mcp==0.2.0)
2026-01-30T13:52:22.4491650Z   Downloading mypy-1.19.1-cp313-cp313-manylinux2014_x86_64.manylinux_2_17_x86_64.manylinux_2_28_x86_64.whl.metadata (2.2 kB)
2026-01-30T13:52:22.4711411Z Collecting pytest-asyncio>=0.21.0 (from yuque-mcp==0.2.0)
2026-01-30T13:52:22.4741944Z   Downloading pytest_asyncio-1.3.0-py3-none-any.whl.metadata (4.1 kB)
2026-01-30T13:52:22.4936616Z Collecting pytest-cov>=4.0.0 (from yuque-mcp==0.2.0)
2026-01-30T13:52:22.4965641Z   Downloading pytest_cov-7.0.0-py3-none-any.whl.metadata (31 kB)
2026-01-30T13:52:22.5183727Z Collecting pytest-httpx>=0.21.0 (from yuque-mcp==0.2.0)
2026-01-30T13:52:22.5221143Z   Downloading pytest_httpx-0.36.0-py3-none-any.whl.metadata (35 kB)
2026-01-30T13:52:22.5606587Z Collecting pytest>=7.0.0 (from yuque-mcp==0.2.0)
2026-01-30T13:52:22.5635993Z   Downloading pytest-9.0.2-py3-none-any.whl.metadata (7.6 kB)
2026-01-30T13:52:22.9226389Z Collecting ruff>=0.1.0 (from yuque-mcp==0.2.0)
2026-01-30T13:52:22.9258411Z   Downloading ruff-0.14.14-py3-none-manylinux_2_17_x86_64.manylinux2014_x86_64.whl.metadata (26 kB)
2026-01-30T13:52:22.9443035Z Collecting authlib>=1.6.5 (from fastmcp>=2.0.0->yuque-mcp==0.2.0)
2026-01-30T13:52:22.9472945Z   Downloading authlib-1.6.6-py2.py3-none-any.whl.metadata (9.8 kB)
2026-01-30T13:52:22.9737680Z Collecting cyclopts>=4.0.0 (from fastmcp>=2.0.0->yuque-mcp==0.2.0)
2026-01-30T13:52:22.9768917Z   Downloading cyclopts-4.5.1-py3-none-any.whl.metadata (12 kB)
2026-01-30T13:52:22.9960963Z Collecting exceptiongroup>=1.2.2 (from fastmcp>=2.0.0->yuque-mcp==0.2.0)
2026-01-30T13:52:22.9989381Z   Downloading exceptiongroup-1.3.1-py3-none-any.whl.metadata (6.7 kB)
2026-01-30T13:52:23.0137951Z Collecting jsonref>=1.1.0 (from fastmcp>=2.0.0->yuque-mcp==0.2.0)
2026-01-30T13:52:23.0164099Z   Downloading jsonref-1.1.0-py3-none-any.whl.metadata (2.7 kB)
2026-01-30T13:52:23.0293471Z Collecting jsonschema-path>=0.3.4 (from fastmcp>=2.0.0->yuque-mcp==0.2.0)
2026-01-30T13:52:23.0321064Z   Downloading jsonschema_path-0.3.4-py3-none-any.whl.metadata (4.3 kB)
2026-01-30T13:52:23.0494517Z Collecting mcp<2.0,>=1.24.0 (from fastmcp>=2.0.0->yuque-mcp==0.2.0)
2026-01-30T13:52:23.0521859Z   Downloading mcp-1.26.0-py3-none-any.whl.metadata (89 kB)
2026-01-30T13:52:23.0709934Z Collecting openapi-pydantic>=0.5.1 (from fastmcp>=2.0.0->yuque-mcp==0.2.0)
2026-01-30T13:52:23.0738059Z   Downloading openapi_pydantic-0.5.1-py3-none-any.whl.metadata (10 kB)
2026-01-30T13:52:23.0914824Z Collecting packaging>=20.0 (from fastmcp>=2.0.0->yuque-mcp==0.2.0)
2026-01-30T13:52:23.0926498Z   Using cached packaging-26.0-py3-none-any.whl.metadata (3.3 kB)
2026-01-30T13:52:23.1079980Z Collecting platformdirs>=4.0.0 (from fastmcp>=2.0.0->yuque-mcp==0.2.0)
2026-01-30T13:52:23.1108788Z   Downloading platformdirs-4.5.1-py3-none-any.whl.metadata (12 kB)
2026-01-30T13:52:23.1330067Z Collecting py-key-value-aio<0.4.0,>=0.3.0 (from py-key-value-aio[disk,keyring,memory]<0.4.0,>=0.3.0->fastmcp>=2.0.0->yuque-mcp==0.2.0)
2026-01-30T13:52:23.1361516Z   Downloading py_key_value_aio-0.3.0-py3-none-any.whl.metadata (2.5 kB)
2026-01-30T13:52:23.1770109Z Collecting pydocket<0.17.0,>=0.16.6 (from fastmcp>=2.0.0->yuque-mcp==0.2.0)
2026-01-30T13:52:23.1800540Z   Downloading pydocket-0.16.6-py3-none-any.whl.metadata (6.3 kB)
2026-01-30T13:52:23.1932959Z Collecting pyperclip>=1.9.0 (from fastmcp>=2.0.0->yuque-mcp==0.2.0)
2026-01-30T13:52:23.1961748Z   Downloading pyperclip-1.11.0-py3-none-any.whl.metadata (2.4 kB)
2026-01-30T13:52:23.2381161Z Collecting rich>=13.9.4 (from fastmcp>=2.0.0->yuque-mcp==0.2.0)
2026-01-30T13:52:23.2412834Z   Downloading rich-14.3.1-py3-none-any.whl.metadata (18 kB)
2026-01-30T13:52:23.2681413Z Collecting uvicorn>=0.35 (from fastmcp>=2.0.0->yuque-mcp==0.2.0)
2026-01-30T13:52:23.2711179Z   Downloading uvicorn-0.40.0-py3-none-any.whl.metadata (6.7 kB)
2026-01-30T13:52:23.3596086Z Collecting websockets>=15.0.1 (from fastmcp>=2.0.0->yuque-mcp==0.2.0)
2026-01-30T13:52:23.3626536Z   Downloading websockets-16.0-cp313-cp313-manylinux1_x86_64.manylinux_2_28_x86_64.manylinux_2_5_x86_64.whl.metadata (6.8 kB)
2026-01-30T13:52:23.3829852Z Collecting anyio>=4.5 (from mcp<2.0,>=1.24.0->fastmcp>=2.0.0->yuque-mcp==0.2.0)
2026-01-30T13:52:23.3858096Z   Downloading anyio-4.12.1-py3-none-any.whl.metadata (4.3 kB)
2026-01-30T13:52:23.3975031Z Collecting httpx-sse>=0.4 (from mcp<2.0,>=1.24.0->fastmcp>=2.0.0->yuque-mcp==0.2.0)
2026-01-30T13:52:23.4000090Z   Downloading httpx_sse-0.4.3-py3-none-any.whl.metadata (9.7 kB)
2026-01-30T13:52:23.4281004Z Collecting jsonschema>=4.20.0 (from mcp<2.0,>=1.24.0->fastmcp>=2.0.0->yuque-mcp==0.2.0)
2026-01-30T13:52:23.4314106Z   Downloading jsonschema-4.26.0-py3-none-any.whl.metadata (7.6 kB)
2026-01-30T13:52:23.4691853Z Collecting pyjwt>=2.10.1 (from pyjwt[crypto]>=2.10.1->mcp<2.0,>=1.24.0->fastmcp>=2.0.0->yuque-mcp==0.2.0)
2026-01-30T13:52:23.4722940Z   Downloading PyJWT-2.10.1-py3-none-any.whl.metadata (4.0 kB)
2026-01-30T13:52:23.4872885Z Collecting python-multipart>=0.0.9 (from mcp<2.0,>=1.24.0->fastmcp>=2.0.0->yuque-mcp==0.2.0)
2026-01-30T13:52:23.4899748Z   Downloading python_multipart-0.0.22-py3-none-any.whl.metadata (1.8 kB)
2026-01-30T13:52:23.5098257Z Collecting sse-starlette>=1.6.1 (from mcp<2.0,>=1.24.0->fastmcp>=2.0.0->yuque-mcp==0.2.0)
2026-01-30T13:52:23.5126211Z   Downloading sse_starlette-3.2.0-py3-none-any.whl.metadata (12 kB)
2026-01-30T13:52:23.5444690Z Collecting starlette>=0.27 (from mcp<2.0,>=1.24.0->fastmcp>=2.0.0->yuque-mcp==0.2.0)
2026-01-30T13:52:23.5471979Z   Downloading starlette-0.52.1-py3-none-any.whl.metadata (6.3 kB)
2026-01-30T13:52:23.5673667Z Collecting typing-extensions>=4.9.0 (from mcp<2.0,>=1.24.0->fastmcp>=2.0.0->yuque-mcp==0.2.0)
2026-01-30T13:52:23.5704013Z   Downloading typing_extensions-4.15.0-py3-none-any.whl.metadata (3.3 kB)
2026-01-30T13:52:23.5811397Z Collecting typing-inspection>=0.4.1 (from mcp<2.0,>=1.24.0->fastmcp>=2.0.0->yuque-mcp==0.2.0)
2026-01-30T13:52:23.5839195Z   Downloading typing_inspection-0.4.2-py3-none-any.whl.metadata (2.6 kB)
2026-01-30T13:52:23.6026046Z Collecting py-key-value-shared==0.3.0 (from py-key-value-aio<0.4.0,>=0.3.0->py-key-value-aio[disk,keyring,memory]<0.4.0,>=0.3.0->fastmcp>=2.0.0->yuque-mcp==0.2.0)
2026-01-30T13:52:23.6055995Z   Downloading py_key_value_shared-0.3.0-py3-none-any.whl.metadata (706 bytes)
2026-01-30T13:52:23.6244601Z Collecting beartype>=0.20.0 (from py-key-value-aio<0.4.0,>=0.3.0->py-key-value-aio[disk,keyring,memory]<0.4.0,>=0.3.0->fastmcp>=2.0.0->yuque-mcp==0.2.0)
2026-01-30T13:52:23.6275867Z   Downloading beartype-0.22.9-py3-none-any.whl.metadata (37 kB)
2026-01-30T13:52:23.6753563Z Collecting diskcache>=5.0.0 (from py-key-value-aio[disk,keyring,memory]<0.4.0,>=0.3.0->fastmcp>=2.0.0->yuque-mcp==0.2.0)
2026-01-30T13:52:23.6780593Z   Downloading diskcache-5.6.3-py3-none-any.whl.metadata (20 kB)
2026-01-30T13:52:23.7007547Z Collecting pathvalidate>=3.3.1 (from py-key-value-aio[disk,keyring,memory]<0.4.0,>=0.3.0->fastmcp>=2.0.0->yuque-mcp==0.2.0)
2026-01-30T13:52:23.7033680Z   Downloading pathvalidate-3.3.1-py3-none-any.whl.metadata (12 kB)
2026-01-30T13:52:23.7389109Z Collecting keyring>=25.6.0 (from py-key-value-aio[disk,keyring,memory]<0.4.0,>=0.3.0->fastmcp>=2.0.0->yuque-mcp==0.2.0)
2026-01-30T13:52:23.7420180Z   Downloading keyring-25.7.0-py3-none-any.whl.metadata (21 kB)
2026-01-30T13:52:23.7650072Z Collecting cachetools>=5.0.0 (from py-key-value-aio[disk,keyring,memory]<0.4.0,>=0.3.0->fastmcp>=2.0.0->yuque-mcp==0.2.0)
2026-01-30T13:52:23.7677200Z   Downloading cachetools-6.2.6-py3-none-any.whl.metadata (5.6 kB)
2026-01-30T13:52:23.7796058Z Collecting annotated-types>=0.6.0 (from pydantic>=2.0.0->yuque-mcp==0.2.0)
2026-01-30T13:52:23.7842989Z   Downloading annotated_types-0.7.0-py3-none-any.whl.metadata (15 kB)
2026-01-30T13:52:24.4748030Z Collecting pydantic-core==2.41.5 (from pydantic>=2.0.0->yuque-mcp==0.2.0)
2026-01-30T13:52:24.4779367Z   Downloading pydantic_core-2.41.5-cp313-cp313-manylinux_2_17_x86_64.manylinux2014_x86_64.whl.metadata (7.3 kB)
2026-01-30T13:52:24.4988133Z Collecting cloudpickle>=3.1.1 (from pydocket<0.17.0,>=0.16.6->fastmcp>=2.0.0->yuque-mcp==0.2.0)
2026-01-30T13:52:24.5015836Z   Downloading cloudpickle-3.1.2-py3-none-any.whl.metadata (7.1 kB)
2026-01-30T13:52:24.5293391Z Collecting fakeredis>=2.32.1 (from fakeredis[lua]>=2.32.1->pydocket<0.17.0,>=0.16.6->fastmcp>=2.0.0->yuque-mcp==0.2.0)
2026-01-30T13:52:24.5324072Z   Downloading fakeredis-2.33.0-py3-none-any.whl.metadata (4.4 kB)
2026-01-30T13:52:24.5580947Z Collecting opentelemetry-api>=1.33.0 (from pydocket<0.17.0,>=0.16.6->fastmcp>=2.0.0->yuque-mcp==0.2.0)
2026-01-30T13:52:24.5611523Z   Downloading opentelemetry_api-1.39.1-py3-none-any.whl.metadata (1.5 kB)
2026-01-30T13:52:24.5823656Z Collecting opentelemetry-exporter-prometheus>=0.60b0 (from pydocket<0.17.0,>=0.16.6->fastmcp>=2.0.0->yuque-mcp==0.2.0)
2026-01-30T13:52:24.5850739Z   Downloading opentelemetry_exporter_prometheus-0.60b1-py3-none-any.whl.metadata (2.1 kB)
2026-01-30T13:52:24.6041917Z Collecting opentelemetry-instrumentation>=0.60b0 (from pydocket<0.17.0,>=0.16.6->fastmcp>=2.0.0->yuque-mcp==0.2.0)
2026-01-30T13:52:24.6074055Z   Downloading opentelemetry_instrumentation-0.60b1-py3-none-any.whl.metadata (7.2 kB)
2026-01-30T13:52:24.6234496Z Collecting prometheus-client>=0.21.1 (from pydocket<0.17.0,>=0.16.6->fastmcp>=2.0.0->yuque-mcp==0.2.0)
2026-01-30T13:52:24.6262676Z   Downloading prometheus_client-0.24.1-py3-none-any.whl.metadata (2.1 kB)
2026-01-30T13:52:24.6404330Z Collecting python-json-logger>=2.0.7 (from pydocket<0.17.0,>=0.16.6->fastmcp>=2.0.0->yuque-mcp==0.2.0)
2026-01-30T13:52:24.6437291Z   Downloading python_json_logger-4.0.0-py3-none-any.whl.metadata (4.0 kB)
2026-01-30T13:52:24.6732310Z Collecting redis>=5 (from pydocket<0.17.0,>=0.16.6->fastmcp>=2.0.0->yuque-mcp==0.2.0)
2026-01-30T13:52:24.6760304Z   Downloading redis-7.1.0-py3-none-any.whl.metadata (12 kB)
2026-01-30T13:52:24.6965326Z Collecting typer>=0.15.1 (from pydocket<0.17.0,>=0.16.6->fastmcp>=2.0.0->yuque-mcp==0.2.0)
2026-01-30T13:52:24.6991436Z   Downloading typer-0.21.1-py3-none-any.whl.metadata (16 kB)
2026-01-30T13:52:24.7181314Z Collecting idna>=2.8 (from anyio>=4.5->mcp<2.0,>=1.24.0->fastmcp>=2.0.0->yuque-mcp==0.2.0)
2026-01-30T13:52:24.7211391Z   Downloading idna-3.11-py3-none-any.whl.metadata (8.4 kB)
2026-01-30T13:52:24.9131019Z Collecting cryptography (from authlib>=1.6.5->fastmcp>=2.0.0->yuque-mcp==0.2.0)
2026-01-30T13:52:24.9162661Z   Downloading cryptography-46.0.4-cp311-abi3-manylinux_2_34_x86_64.whl.metadata (5.7 kB)
2026-01-30T13:52:24.9406433Z Collecting attrs>=23.1.0 (from cyclopts>=4.0.0->fastmcp>=2.0.0->yuque-mcp==0.2.0)
2026-01-30T13:52:24.9435702Z   Downloading attrs-25.4.0-py3-none-any.whl.metadata (10 kB)
2026-01-30T13:52:24.9558137Z Collecting docstring-parser<4.0,>=0.15 (from cyclopts>=4.0.0->fastmcp>=2.0.0->yuque-mcp==0.2.0)
2026-01-30T13:52:24.9588023Z   Downloading docstring_parser-0.17.0-py3-none-any.whl.metadata (3.5 kB)
2026-01-30T13:52:24.9773047Z Collecting rich-rst<2.0.0,>=1.3.1 (from cyclopts>=4.0.0->fastmcp>=2.0.0->yuque-mcp==0.2.0)
2026-01-30T13:52:24.9798927Z   Downloading rich_rst-1.3.2-py3-none-any.whl.metadata (6.1 kB)
2026-01-30T13:52:25.0074099Z Collecting docutils (from rich-rst<2.0.0,>=1.3.1->cyclopts>=4.0.0->fastmcp>=2.0.0->yuque-mcp==0.2.0)
2026-01-30T13:52:25.0103182Z   Downloading docutils-0.22.4-py3-none-any.whl.metadata (15 kB)
2026-01-30T13:52:25.0485484Z Collecting sortedcontainers>=2 (from fakeredis>=2.32.1->fakeredis[lua]>=2.32.1->pydocket<0.17.0,>=0.16.6->fastmcp>=2.0.0->yuque-mcp==0.2.0)
2026-01-30T13:52:25.0512422Z   Downloading sortedcontainers-2.4.0-py2.py3-none-any.whl.metadata (10 kB)
2026-01-30T13:52:25.1158466Z Collecting lupa>=2.1 (from fakeredis[lua]>=2.32.1->pydocket<0.17.0,>=0.16.6->fastmcp>=2.0.0->yuque-mcp==0.2.0)
2026-01-30T13:52:25.1196319Z   Downloading lupa-2.6-cp313-cp313-manylinux2014_x86_64.manylinux_2_17_x86_64.manylinux_2_28_x86_64.whl.metadata (58 kB)
2026-01-30T13:52:25.1474233Z Collecting certifi (from httpx>=0.27.0->yuque-mcp==0.2.0)
2026-01-30T13:52:25.1503091Z   Downloading certifi-2026.1.4-py3-none-any.whl.metadata (2.5 kB)
2026-01-30T13:52:25.1698294Z Collecting httpcore==1.* (from httpx>=0.27.0->yuque-mcp==0.2.0)
2026-01-30T13:52:25.1724980Z   Downloading httpcore-1.0.9-py3-none-any.whl.metadata (21 kB)
2026-01-30T13:52:25.1872659Z Collecting h11>=0.16 (from httpcore==1.*->httpx>=0.27.0->yuque-mcp==0.2.0)
2026-01-30T13:52:25.1898273Z   Downloading h11-0.16.0-py3-none-any.whl.metadata (8.3 kB)
2026-01-30T13:52:25.2113840Z Collecting jsonschema-specifications>=2023.03.6 (from jsonschema>=4.20.0->mcp<2.0,>=1.24.0->fastmcp>=2.0.0->yuque-mcp==0.2.0)
2026-01-30T13:52:25.2141451Z   Downloading jsonschema_specifications-2025.9.1-py3-none-any.whl.metadata (2.9 kB)
2026-01-30T13:52:25.2398216Z Collecting referencing>=0.28.4 (from jsonschema>=4.20.0->mcp<2.0,>=1.24.0->fastmcp>=2.0.0->yuque-mcp==0.2.0)
2026-01-30T13:52:25.2426870Z   Downloading referencing-0.37.0-py3-none-any.whl.metadata (2.8 kB)
2026-01-30T13:52:25.5167050Z Collecting rpds-py>=0.25.0 (from jsonschema>=4.20.0->mcp<2.0,>=1.24.0->fastmcp>=2.0.0->yuque-mcp==0.2.0)
2026-01-30T13:52:25.5199373Z   Downloading rpds_py-0.30.0-cp313-cp313-manylinux_2_17_x86_64.manylinux2014_x86_64.whl.metadata (4.1 kB)
2026-01-30T13:52:25.5638497Z Collecting PyYAML>=5.1 (from jsonschema-path>=0.3.4->fastmcp>=2.0.0->yuque-mcp==0.2.0)
2026-01-30T13:52:25.5670663Z   Downloading pyyaml-6.0.3-cp313-cp313-manylinux2014_x86_64.manylinux_2_17_x86_64.manylinux_2_28_x86_64.whl.metadata (2.4 kB)
2026-01-30T13:52:25.5815432Z Collecting pathable<0.5.0,>=0.4.1 (from jsonschema-path>=0.3.4->fastmcp>=2.0.0->yuque-mcp==0.2.0)
2026-01-30T13:52:25.5843203Z   Downloading pathable-0.4.4-py3-none-any.whl.metadata (1.8 kB)
2026-01-30T13:52:25.5973188Z Collecting referencing>=0.28.4 (from jsonschema>=4.20.0->mcp<2.0,>=1.24.0->fastmcp>=2.0.0->yuque-mcp==0.2.0)
2026-01-30T13:52:25.6001286Z   Downloading referencing-0.36.2-py3-none-any.whl.metadata (2.8 kB)
2026-01-30T13:52:25.6267043Z Collecting requests<3.0.0,>=2.31.0 (from jsonschema-path>=0.3.4->fastmcp>=2.0.0->yuque-mcp==0.2.0)
2026-01-30T13:52:25.6299928Z   Downloading requests-2.32.5-py3-none-any.whl.metadata (4.9 kB)
2026-01-30T13:52:25.7207853Z Collecting charset_normalizer<4,>=2 (from requests<3.0.0,>=2.31.0->jsonschema-path>=0.3.4->fastmcp>=2.0.0->yuque-mcp==0.2.0)
2026-01-30T13:52:25.7240203Z   Downloading charset_normalizer-3.4.4-cp313-cp313-manylinux2014_x86_64.manylinux_2_17_x86_64.manylinux_2_28_x86_64.whl.metadata (37 kB)
2026-01-30T13:52:25.7583730Z Collecting urllib3<3,>=1.21.1 (from requests<3.0.0,>=2.31.0->jsonschema-path>=0.3.4->fastmcp>=2.0.0->yuque-mcp==0.2.0)
2026-01-30T13:52:25.7614380Z   Downloading urllib3-2.6.3-py3-none-any.whl.metadata (6.9 kB)
2026-01-30T13:52:25.7975583Z Collecting SecretStorage>=3.2 (from keyring>=25.6.0->py-key-value-aio[disk,keyring,memory]<0.4.0,>=0.3.0->fastmcp>=2.0.0->yuque-mcp==0.2.0)
2026-01-30T13:52:25.8052398Z   Downloading secretstorage-3.5.0-py3-none-any.whl.metadata (4.0 kB)
2026-01-30T13:52:25.8201680Z Collecting jeepney>=0.4.2 (from keyring>=25.6.0->py-key-value-aio[disk,keyring,memory]<0.4.0,>=0.3.0->fastmcp>=2.0.0->yuque-mcp==0.2.0)
2026-01-30T13:52:25.8229402Z   Downloading jeepney-0.9.0-py3-none-any.whl.metadata (1.2 kB)
2026-01-30T13:52:25.8372667Z Collecting jaraco.classes (from keyring>=25.6.0->py-key-value-aio[disk,keyring,memory]<0.4.0,>=0.3.0->fastmcp>=2.0.0->yuque-mcp==0.2.0)
2026-01-30T13:52:25.8401876Z   Downloading jaraco.classes-3.4.0-py3-none-any.whl.metadata (2.6 kB)
2026-01-30T13:52:25.8584863Z Collecting jaraco.functools (from keyring>=25.6.0->py-key-value-aio[disk,keyring,memory]<0.4.0,>=0.3.0->fastmcp>=2.0.0->yuque-mcp==0.2.0)
2026-01-30T13:52:25.8609745Z   Downloading jaraco_functools-4.4.0-py3-none-any.whl.metadata (3.0 kB)
2026-01-30T13:52:25.8746513Z Collecting jaraco.context (from keyring>=25.6.0->py-key-value-aio[disk,keyring,memory]<0.4.0,>=0.3.0->fastmcp>=2.0.0->yuque-mcp==0.2.0)
2026-01-30T13:52:25.8775187Z   Downloading jaraco_context-6.1.0-py3-none-any.whl.metadata (4.3 kB)
2026-01-30T13:52:25.8954257Z Collecting mypy_extensions>=1.0.0 (from mypy>=1.0.0->yuque-mcp==0.2.0)
2026-01-30T13:52:25.8980192Z   Downloading mypy_extensions-1.1.0-py3-none-any.whl.metadata (1.1 kB)
2026-01-30T13:52:25.9103713Z Collecting pathspec>=0.9.0 (from mypy>=1.0.0->yuque-mcp==0.2.0)
2026-01-30T13:52:25.9115583Z   Using cached pathspec-1.0.4-py3-none-any.whl.metadata (13 kB)
2026-01-30T13:52:26.0057818Z Collecting librt>=0.6.2 (from mypy>=1.0.0->yuque-mcp==0.2.0)
2026-01-30T13:52:26.0128900Z   Downloading librt-0.7.8-cp313-cp313-manylinux2014_x86_64.manylinux_2_17_x86_64.manylinux_2_28_x86_64.whl.metadata (1.3 kB)
2026-01-30T13:52:26.0733540Z Collecting importlib-metadata<8.8.0,>=6.0 (from opentelemetry-api>=1.33.0->pydocket<0.17.0,>=0.16.6->fastmcp>=2.0.0->yuque-mcp==0.2.0)
2026-01-30T13:52:26.0764517Z   Downloading importlib_metadata-8.7.1-py3-none-any.whl.metadata (4.7 kB)
2026-01-30T13:52:26.1009605Z Collecting zipp>=3.20 (from importlib-metadata<8.8.0,>=6.0->opentelemetry-api>=1.33.0->pydocket<0.17.0,>=0.16.6->fastmcp>=2.0.0->yuque-mcp==0.2.0)
2026-01-30T13:52:26.1036561Z   Downloading zipp-3.23.0-py3-none-any.whl.metadata (3.6 kB)
2026-01-30T13:52:26.1338653Z Collecting opentelemetry-sdk~=1.39.1 (from opentelemetry-exporter-prometheus>=0.60b0->pydocket<0.17.0,>=0.16.6->fastmcp>=2.0.0->yuque-mcp==0.2.0)
2026-01-30T13:52:26.1388780Z   Downloading opentelemetry_sdk-1.39.1-py3-none-any.whl.metadata (1.5 kB)
2026-01-30T13:52:26.1689123Z Collecting opentelemetry-semantic-conventions==0.60b1 (from opentelemetry-sdk~=1.39.1->opentelemetry-exporter-prometheus>=0.60b0->pydocket<0.17.0,>=0.16.6->fastmcp>=2.0.0->yuque-mcp==0.2.0)
2026-01-30T13:52:26.1714789Z   Downloading opentelemetry_semantic_conventions-0.60b1-py3-none-any.whl.metadata (2.4 kB)
2026-01-30T13:52:26.3485262Z Collecting wrapt<2.0.0,>=1.0.0 (from opentelemetry-instrumentation>=0.60b0->pydocket<0.17.0,>=0.16.6->fastmcp>=2.0.0->yuque-mcp==0.2.0)
2026-01-30T13:52:26.3517364Z   Downloading wrapt-1.17.3-cp313-cp313-manylinux1_x86_64.manylinux_2_28_x86_64.manylinux_2_5_x86_64.whl.metadata (6.4 kB)
2026-01-30T13:52:26.4074460Z Collecting email-validator>=2.0.0 (from pydantic[email]>=2.11.7->fastmcp>=2.0.0->yuque-mcp==0.2.0)
2026-01-30T13:52:26.4102240Z   Downloading email_validator-2.3.0-py3-none-any.whl.metadata (26 kB)
2026-01-30T13:52:26.4269309Z Collecting dnspython>=2.0.0 (from email-validator>=2.0.0->pydantic[email]>=2.11.7->fastmcp>=2.0.0->yuque-mcp==0.2.0)
2026-01-30T13:52:26.4296601Z   Downloading dnspython-2.8.0-py3-none-any.whl.metadata (5.7 kB)
2026-01-30T13:52:26.5711674Z Collecting cffi>=2.0.0 (from cryptography->authlib>=1.6.5->fastmcp>=2.0.0->yuque-mcp==0.2.0)
2026-01-30T13:52:26.5741556Z   Downloading cffi-2.0.0-cp313-cp313-manylinux2014_x86_64.manylinux_2_17_x86_64.whl.metadata (2.6 kB)
2026-01-30T13:52:26.5888585Z Collecting pycparser (from cffi>=2.0.0->cryptography->authlib>=1.6.5->fastmcp>=2.0.0->yuque-mcp==0.2.0)
2026-01-30T13:52:26.5918209Z   Downloading pycparser-3.0-py3-none-any.whl.metadata (8.2 kB)
2026-01-30T13:52:26.6054329Z Collecting iniconfig>=1.0.1 (from pytest>=7.0.0->yuque-mcp==0.2.0)
2026-01-30T13:52:26.6080132Z   Downloading iniconfig-2.3.0-py3-none-any.whl.metadata (2.5 kB)
2026-01-30T13:52:26.6234626Z Collecting pluggy<2,>=1.5 (from pytest>=7.0.0->yuque-mcp==0.2.0)
2026-01-30T13:52:26.6246183Z   Using cached pluggy-1.6.0-py3-none-any.whl.metadata (4.8 kB)
2026-01-30T13:52:26.6430203Z Collecting pygments>=2.7.2 (from pytest>=7.0.0->yuque-mcp==0.2.0)
2026-01-30T13:52:26.6458129Z   Downloading pygments-2.19.2-py3-none-any.whl.metadata (2.5 kB)
2026-01-30T13:52:27.1194423Z Collecting coverage>=7.10.6 (from coverage[toml]>=7.10.6->pytest-cov>=4.0.0->yuque-mcp==0.2.0)
2026-01-30T13:52:27.1227235Z   Downloading coverage-7.13.2-cp313-cp313-manylinux1_x86_64.manylinux_2_28_x86_64.manylinux_2_5_x86_64.whl.metadata (8.5 kB)
2026-01-30T13:52:27.1802228Z Collecting markdown-it-py>=2.2.0 (from rich>=13.9.4->fastmcp>=2.0.0->yuque-mcp==0.2.0)
2026-01-30T13:52:27.1828451Z   Downloading markdown_it_py-4.0.0-py3-none-any.whl.metadata (7.3 kB)
2026-01-30T13:52:27.2036946Z Collecting mdurl~=0.1 (from markdown-it-py>=2.2.0->rich>=13.9.4->fastmcp>=2.0.0->yuque-mcp==0.2.0)
2026-01-30T13:52:27.2067981Z   Downloading mdurl-0.1.2-py3-none-any.whl.metadata (1.6 kB)
2026-01-30T13:52:27.2920693Z Collecting click>=8.0.0 (from typer>=0.15.1->pydocket<0.17.0,>=0.16.6->fastmcp>=2.0.0->yuque-mcp==0.2.0)
2026-01-30T13:52:27.2948927Z   Downloading click-8.3.1-py3-none-any.whl.metadata (2.6 kB)
2026-01-30T13:52:27.3115979Z Collecting shellingham>=1.3.0 (from typer>=0.15.1->pydocket<0.17.0,>=0.16.6->fastmcp>=2.0.0->yuque-mcp==0.2.0)
2026-01-30T13:52:27.3142485Z   Downloading shellingham-1.5.4-py2.py3-none-any.whl.metadata (3.5 kB)
2026-01-30T13:52:27.3703458Z Collecting more-itertools (from jaraco.classes->keyring>=25.6.0->py-key-value-aio[disk,keyring,memory]<0.4.0,>=0.3.0->fastmcp>=2.0.0->yuque-mcp==0.2.0)
2026-01-30T13:52:27.3732826Z   Downloading more_itertools-10.8.0-py3-none-any.whl.metadata (39 kB)
2026-01-30T13:52:27.3925972Z Downloading fastmcp-2.14.4-py3-none-any.whl (417 kB)
2026-01-30T13:52:27.4032247Z Downloading mcp-1.26.0-py3-none-any.whl (233 kB)
2026-01-30T13:52:27.4099293Z Downloading py_key_value_aio-0.3.0-py3-none-any.whl (96 kB)
2026-01-30T13:52:27.4154256Z Downloading py_key_value_shared-0.3.0-py3-none-any.whl (19 kB)
2026-01-30T13:52:27.4206487Z Downloading pydantic-2.12.5-py3-none-any.whl (463 kB)
2026-01-30T13:52:27.4275228Z Downloading pydantic_core-2.41.5-cp313-cp313-manylinux_2_17_x86_64.manylinux2014_x86_64.whl (2.1 MB)
2026-01-30T13:52:27.4406389Z    ━━━━━━━━━━━━━━━━━━━━━━━━━━━━━━━━━━━━━━━━ 2.1/2.1 MB 178.0 MB/s  0:00:00
2026-01-30T13:52:27.4434734Z Downloading pydocket-0.16.6-py3-none-any.whl (67 kB)
2026-01-30T13:52:27.4485645Z Downloading annotated_types-0.7.0-py3-none-any.whl (13 kB)
2026-01-30T13:52:27.4532358Z Downloading anyio-4.12.1-py3-none-any.whl (113 kB)
2026-01-30T13:52:27.4585093Z Downloading authlib-1.6.6-py2.py3-none-any.whl (244 kB)
2026-01-30T13:52:27.4644307Z Downloading beartype-0.22.9-py3-none-any.whl (1.3 MB)
2026-01-30T13:52:27.4748241Z    ━━━━━━━━━━━━━━━━━━━━━━━━━━━━━━━━━━━━━━━━ 1.3/1.3 MB 141.8 MB/s  0:00:00
2026-01-30T13:52:27.4775924Z Downloading cachetools-6.2.6-py3-none-any.whl (11 kB)
2026-01-30T13:52:27.4823925Z Downloading cloudpickle-3.1.2-py3-none-any.whl (22 kB)
2026-01-30T13:52:27.4868639Z Downloading cyclopts-4.5.1-py3-none-any.whl (199 kB)
2026-01-30T13:52:27.4929594Z Downloading docstring_parser-0.17.0-py3-none-any.whl (36 kB)
2026-01-30T13:52:27.4980672Z Downloading rich_rst-1.3.2-py3-none-any.whl (12 kB)
2026-01-30T13:52:27.5032279Z Downloading attrs-25.4.0-py3-none-any.whl (67 kB)
2026-01-30T13:52:27.5083791Z Downloading diskcache-5.6.3-py3-none-any.whl (45 kB)
2026-01-30T13:52:27.5129530Z Downloading exceptiongroup-1.3.1-py3-none-any.whl (16 kB)
2026-01-30T13:52:27.5177551Z Downloading fakeredis-2.33.0-py3-none-any.whl (119 kB)
2026-01-30T13:52:27.5227983Z Downloading httpx-0.28.1-py3-none-any.whl (73 kB)
2026-01-30T13:52:27.5283083Z Downloading httpcore-1.0.9-py3-none-any.whl (78 kB)
2026-01-30T13:52:27.5333841Z Downloading h11-0.16.0-py3-none-any.whl (37 kB)
2026-01-30T13:52:27.5382157Z Downloading httpx_sse-0.4.3-py3-none-any.whl (9.0 kB)
2026-01-30T13:52:27.5428113Z Downloading idna-3.11-py3-none-any.whl (71 kB)
2026-01-30T13:52:27.5478527Z Downloading jsonref-1.1.0-py3-none-any.whl (9.4 kB)
2026-01-30T13:52:27.5530572Z Downloading jsonschema-4.26.0-py3-none-any.whl (90 kB)
2026-01-30T13:52:27.5589685Z Downloading jsonschema_path-0.3.4-py3-none-any.whl (14 kB)
2026-01-30T13:52:27.5637892Z Downloading pathable-0.4.4-py3-none-any.whl (9.6 kB)
2026-01-30T13:52:27.5683867Z Downloading referencing-0.36.2-py3-none-any.whl (26 kB)
2026-01-30T13:52:27.5732694Z Downloading requests-2.32.5-py3-none-any.whl (64 kB)
2026-01-30T13:52:27.5786345Z Downloading charset_normalizer-3.4.4-cp313-cp313-manylinux2014_x86_64.manylinux_2_17_x86_64.manylinux_2_28_x86_64.whl (153 kB)
2026-01-30T13:52:27.5841796Z Downloading urllib3-2.6.3-py3-none-any.whl (131 kB)
2026-01-30T13:52:27.5902632Z Downloading certifi-2026.1.4-py3-none-any.whl (152 kB)
2026-01-30T13:52:27.5957867Z Downloading jsonschema_specifications-2025.9.1-py3-none-any.whl (18 kB)
2026-01-30T13:52:27.6004187Z Downloading keyring-25.7.0-py3-none-any.whl (39 kB)
2026-01-30T13:52:27.6056151Z Downloading jeepney-0.9.0-py3-none-any.whl (49 kB)
2026-01-30T13:52:27.6106568Z Downloading lupa-2.6-cp313-cp313-manylinux2014_x86_64.manylinux_2_17_x86_64.manylinux_2_28_x86_64.whl (2.1 MB)
2026-01-30T13:52:27.6241183Z    ━━━━━━━━━━━━━━━━━━━━━━━━━━━━━━━━━━━━━━━━ 2.1/2.1 MB 168.2 MB/s  0:00:00
2026-01-30T13:52:27.6270067Z Downloading mypy-1.19.1-cp313-cp313-manylinux2014_x86_64.manylinux_2_17_x86_64.manylinux_2_28_x86_64.whl (13.6 MB)
2026-01-30T13:52:27.7005700Z    ━━━━━━━━━━━━━━━━━━━━━━━━━━━━━━━━━━━━━━━━ 13.6/13.6 MB 196.9 MB/s  0:00:00
2026-01-30T13:52:27.7047333Z Downloading librt-0.7.8-cp313-cp313-manylinux2014_x86_64.manylinux_2_17_x86_64.manylinux_2_28_x86_64.whl (193 kB)
2026-01-30T13:52:27.7111868Z Downloading mypy_extensions-1.1.0-py3-none-any.whl (5.0 kB)
2026-01-30T13:52:27.7161015Z Downloading openapi_pydantic-0.5.1-py3-none-any.whl (96 kB)
2026-01-30T13:52:27.7216601Z Downloading opentelemetry_api-1.39.1-py3-none-any.whl (66 kB)
2026-01-30T13:52:27.7274430Z Downloading importlib_metadata-8.7.1-py3-none-any.whl (27 kB)
2026-01-30T13:52:27.7325924Z Downloading opentelemetry_exporter_prometheus-0.60b1-py3-none-any.whl (13 kB)
2026-01-30T13:52:27.7382369Z Downloading opentelemetry_sdk-1.39.1-py3-none-any.whl (132 kB)
2026-01-30T13:52:27.7435978Z Downloading opentelemetry_semantic_conventions-0.60b1-py3-none-any.whl (219 kB)
2026-01-30T13:52:27.7492308Z Downloading prometheus_client-0.24.1-py3-none-any.whl (64 kB)
2026-01-30T13:52:27.7543546Z Downloading opentelemetry_instrumentation-0.60b1-py3-none-any.whl (33 kB)
2026-01-30T13:52:27.7594201Z Downloading wrapt-1.17.3-cp313-cp313-manylinux1_x86_64.manylinux_2_28_x86_64.manylinux_2_5_x86_64.whl (88 kB)
2026-01-30T13:52:27.7629338Z Using cached packaging-26.0-py3-none-any.whl (74 kB)
2026-01-30T13:52:27.7641236Z Using cached pathspec-1.0.4-py3-none-any.whl (55 kB)
2026-01-30T13:52:27.7668077Z Downloading pathvalidate-3.3.1-py3-none-any.whl (24 kB)
2026-01-30T13:52:27.7718264Z Downloading platformdirs-4.5.1-py3-none-any.whl (18 kB)
2026-01-30T13:52:27.7766679Z Downloading pydantic_settings-2.12.0-py3-none-any.whl (51 kB)
2026-01-30T13:52:27.7817523Z Downloading email_validator-2.3.0-py3-none-any.whl (35 kB)
2026-01-30T13:52:27.7869723Z Downloading dnspython-2.8.0-py3-none-any.whl (331 kB)
2026-01-30T13:52:27.7935232Z Downloading PyJWT-2.10.1-py3-none-any.whl (22 kB)
2026-01-30T13:52:27.7985860Z Downloading cryptography-46.0.4-cp311-abi3-manylinux_2_34_x86_64.whl (4.5 MB)
2026-01-30T13:52:27.8251856Z    ━━━━━━━━━━━━━━━━━━━━━━━━━━━━━━━━━━━━━━━━ 4.5/4.5 MB 175.3 MB/s  0:00:00
2026-01-30T13:52:27.8286725Z Downloading cffi-2.0.0-cp313-cp313-manylinux2014_x86_64.manylinux_2_17_x86_64.whl (219 kB)
2026-01-30T13:52:27.8364777Z Downloading pyperclip-1.11.0-py3-none-any.whl (11 kB)
2026-01-30T13:52:27.8441717Z Downloading pytest-9.0.2-py3-none-any.whl (374 kB)
2026-01-30T13:52:27.8503264Z Using cached pluggy-1.6.0-py3-none-any.whl (20 kB)
2026-01-30T13:52:27.8533208Z Downloading iniconfig-2.3.0-py3-none-any.whl (7.5 kB)
2026-01-30T13:52:27.8585591Z Downloading pygments-2.19.2-py3-none-any.whl (1.2 MB)
2026-01-30T13:52:27.8680733Z    ━━━━━━━━━━━━━━━━━━━━━━━━━━━━━━━━━━━━━━━━ 1.2/1.2 MB 143.4 MB/s  0:00:00
2026-01-30T13:52:27.8710118Z Downloading pytest_asyncio-1.3.0-py3-none-any.whl (15 kB)
2026-01-30T13:52:27.8761789Z Downloading pytest_cov-7.0.0-py3-none-any.whl (22 kB)
2026-01-30T13:52:27.8817490Z Downloading coverage-7.13.2-cp313-cp313-manylinux1_x86_64.manylinux_2_28_x86_64.manylinux_2_5_x86_64.whl (253 kB)
2026-01-30T13:52:27.8877822Z Downloading pytest_httpx-0.36.0-py3-none-any.whl (20 kB)
2026-01-30T13:52:27.8926257Z Downloading python_dotenv-1.2.1-py3-none-any.whl (21 kB)
2026-01-30T13:52:27.8977241Z Downloading python_json_logger-4.0.0-py3-none-any.whl (15 kB)
2026-01-30T13:52:27.9023880Z Downloading python_multipart-0.0.22-py3-none-any.whl (24 kB)
2026-01-30T13:52:27.9074177Z Downloading pyyaml-6.0.3-cp313-cp313-manylinux2014_x86_64.manylinux_2_17_x86_64.manylinux_2_28_x86_64.whl (801 kB)
2026-01-30T13:52:27.9149493Z    ━━━━━━━━━━━━━━━━━━━━━━━━━━━━━━━━━━━━━━━━ 801.6/801.6 kB 106.9 MB/s  0:00:00
2026-01-30T13:52:27.9178620Z Downloading redis-7.1.0-py3-none-any.whl (354 kB)
2026-01-30T13:52:27.9242277Z Downloading rich-14.3.1-py3-none-any.whl (309 kB)
2026-01-30T13:52:27.9307250Z Downloading markdown_it_py-4.0.0-py3-none-any.whl (87 kB)
2026-01-30T13:52:27.9361084Z Downloading mdurl-0.1.2-py3-none-any.whl (10.0 kB)
2026-01-30T13:52:27.9412790Z Downloading rpds_py-0.30.0-cp313-cp313-manylinux_2_17_x86_64.manylinux2014_x86_64.whl (394 kB)
2026-01-30T13:52:27.9479016Z Downloading ruff-0.14.14-py3-none-manylinux_2_17_x86_64.manylinux2014_x86_64.whl (11.2 MB)
2026-01-30T13:52:28.0029135Z    ━━━━━━━━━━━━━━━━━━━━━━━━━━━━━━━━━━━━━━━━ 11.2/11.2 MB 209.6 MB/s  0:00:00
2026-01-30T13:52:28.0059460Z Downloading secretstorage-3.5.0-py3-none-any.whl (15 kB)
2026-01-30T13:52:28.0109440Z Downloading sortedcontainers-2.4.0-py2.py3-none-any.whl (29 kB)
2026-01-30T13:52:28.0159869Z Downloading sse_starlette-3.2.0-py3-none-any.whl (12 kB)
2026-01-30T13:52:28.0209289Z Downloading starlette-0.52.1-py3-none-any.whl (74 kB)
2026-01-30T13:52:28.0260626Z Downloading typer-0.21.1-py3-none-any.whl (47 kB)
2026-01-30T13:52:28.0312889Z Downloading click-8.3.1-py3-none-any.whl (108 kB)
2026-01-30T13:52:28.0362025Z Downloading shellingham-1.5.4-py2.py3-none-any.whl (9.8 kB)
2026-01-30T13:52:28.0427512Z Downloading typing_extensions-4.15.0-py3-none-any.whl (44 kB)
2026-01-30T13:52:28.0476080Z Downloading typing_inspection-0.4.2-py3-none-any.whl (14 kB)
2026-01-30T13:52:28.0524160Z Downloading uvicorn-0.40.0-py3-none-any.whl (68 kB)
2026-01-30T13:52:28.0591238Z Downloading websockets-16.0-cp313-cp313-manylinux1_x86_64.manylinux_2_28_x86_64.manylinux_2_5_x86_64.whl (184 kB)
2026-01-30T13:52:28.0647223Z Downloading zipp-3.23.0-py3-none-any.whl (10 kB)
2026-01-30T13:52:28.0697743Z Downloading docutils-0.22.4-py3-none-any.whl (633 kB)
2026-01-30T13:52:28.0763496Z    ━━━━━━━━━━━━━━━━━━━━━━━━━━━━━━━━━━━━━━━━ 633.2/633.2 kB 93.2 MB/s  0:00:00
2026-01-30T13:52:28.0792714Z Downloading jaraco.classes-3.4.0-py3-none-any.whl (6.8 kB)
2026-01-30T13:52:28.0837633Z Downloading jaraco_context-6.1.0-py3-none-any.whl (7.1 kB)
2026-01-30T13:52:28.0889183Z Downloading jaraco_functools-4.4.0-py3-none-any.whl (10 kB)
2026-01-30T13:52:28.0936482Z Downloading more_itertools-10.8.0-py3-none-any.whl (69 kB)
2026-01-30T13:52:28.0986212Z Downloading pycparser-3.0-py3-none-any.whl (48 kB)
2026-01-30T13:52:28.2124863Z Building wheels for collected packages: yuque-mcp
2026-01-30T13:52:28.2133979Z   Building editable for yuque-mcp (pyproject.toml): started
2026-01-30T13:52:28.2493141Z   Building editable for yuque-mcp (pyproject.toml): finished with status 'done'
2026-01-30T13:52:28.2499759Z   Created wheel for yuque-mcp: filename=yuque_mcp-0.2.0-py3-none-any.whl size=6600 sha256=35d3539eecb292ae93d9e1561180601126d7894e8a09c59ed8f1f2aad84a81eb
2026-01-30T13:52:28.2501443Z   Stored in directory: /tmp/pip-ephem-wheel-cache-at93ssuz/wheels/f9/12/33/2f023339752c18db42ae5a50cf463664f0fda24d2ad653399e
2026-01-30T13:52:28.2529963Z Successfully built yuque-mcp
2026-01-30T13:52:28.4269557Z Installing collected packages: sortedcontainers, pyperclip, lupa, zipp, wrapt, websockets, urllib3, typing-extensions, shellingham, ruff, rpds-py, redis, PyYAML, python-multipart, python-json-logger, python-dotenv, pyjwt, pygments, pycparser, prometheus-client, pluggy, platformdirs, pathvalidate, pathspec, pathable, packaging, mypy_extensions, more-itertools, mdurl, librt, jsonref, jeepney, jaraco.context, iniconfig, idna, httpx-sse, h11, exceptiongroup, docutils, docstring-parser, dnspython, diskcache, coverage, cloudpickle, click, charset_normalizer, certifi, cachetools, beartype, attrs, annotated-types, uvicorn, typing-inspection, requests, referencing, pytest, pydantic-core, py-key-value-shared, mypy, markdown-it-py, jaraco.functools, jaraco.classes, importlib-metadata, httpcore, fakeredis, email-validator, cffi, anyio, starlette, rich, pytest-cov, pytest-asyncio, pydantic, py-key-value-aio, opentelemetry-api, jsonschema-specifications, jsonschema-path, httpx, cryptography, typer, sse-starlette, SecretStorage, rich-rst, pytest-httpx, pydantic-settings, opentelemetry-semantic-conventions, openapi-pydantic, jsonschema, authlib, opentelemetry-sdk, opentelemetry-instrumentation, mcp, keyring, cyclopts, opentelemetry-exporter-prometheus, pydocket, fastmcp, yuque-mcp
2026-01-30T13:52:36.6177101Z 
2026-01-30T13:52:36.6286634Z Successfully installed PyYAML-6.0.3 SecretStorage-3.5.0 annotated-types-0.7.0 anyio-4.12.1 attrs-25.4.0 authlib-1.6.6 beartype-0.22.9 cachetools-6.2.6 certifi-2026.1.4 cffi-2.0.0 charset_normalizer-3.4.4 click-8.3.1 cloudpickle-3.1.2 coverage-7.13.2 cryptography-46.0.4 cyclopts-4.5.1 diskcache-5.6.3 dnspython-2.8.0 docstring-parser-0.17.0 docutils-0.22.4 email-validator-2.3.0 exceptiongroup-1.3.1 fakeredis-2.33.0 fastmcp-2.14.4 h11-0.16.0 httpcore-1.0.9 httpx-0.28.1 httpx-sse-0.4.3 idna-3.11 importlib-metadata-8.7.1 iniconfig-2.3.0 jaraco.classes-3.4.0 jaraco.context-6.1.0 jaraco.functools-4.4.0 jeepney-0.9.0 jsonref-1.1.0 jsonschema-4.26.0 jsonschema-path-0.3.4 jsonschema-specifications-2025.9.1 keyring-25.7.0 librt-0.7.8 lupa-2.6 markdown-it-py-4.0.0 mcp-1.26.0 mdurl-0.1.2 more-itertools-10.8.0 mypy-1.19.1 mypy_extensions-1.1.0 openapi-pydantic-0.5.1 opentelemetry-api-1.39.1 opentelemetry-exporter-prometheus-0.60b1 opentelemetry-instrumentation-0.60b1 opentelemetry-sdk-1.39.1 opentelemetry-semantic-conventions-0.60b1 packaging-26.0 pathable-0.4.4 pathspec-1.0.4 pathvalidate-3.3.1 platformdirs-4.5.1 pluggy-1.6.0 prometheus-client-0.24.1 py-key-value-aio-0.3.0 py-key-value-shared-0.3.0 pycparser-3.0 pydantic-2.12.5 pydantic-core-2.41.5 pydantic-settings-2.12.0 pydocket-0.16.6 pygments-2.19.2 pyjwt-2.10.1 pyperclip-1.11.0 pytest-9.0.2 pytest-asyncio-1.3.0 pytest-cov-7.0.0 pytest-httpx-0.36.0 python-dotenv-1.2.1 python-json-logger-4.0.0 python-multipart-0.0.22 redis-7.1.0 referencing-0.36.2 requests-2.32.5 rich-14.3.1 rich-rst-1.3.2 rpds-py-0.30.0 ruff-0.14.14 shellingham-1.5.4 sortedcontainers-2.4.0 sse-starlette-3.2.0 starlette-0.52.1 typer-0.21.1 typing-extensions-4.15.0 typing-inspection-0.4.2 urllib3-2.6.3 uvicorn-0.40.0 websockets-16.0 wrapt-1.17.3 yuque-mcp-0.2.0 zipp-3.23.0
2026-01-30T13:52:37.4069839Z ##[error]The operation was canceled.
2026-01-30T13:52:37.4187455Z Post job cleanup.
2026-01-30T13:52:37.5154639Z [command]/usr/bin/git version
2026-01-30T13:52:37.5193988Z git version 2.52.0
2026-01-30T13:52:37.5240368Z Temporarily overriding HOME='/home/runner/work/_temp/163ef2ec-b5bb-436f-a9de-f01a1ff6f3a4' before making global git config changes
2026-01-30T13:52:37.5242088Z Adding repository directory to the temporary git global config as a safe directory
2026-01-30T13:52:37.5258701Z [command]/usr/bin/git config --global --add safe.directory /home/runner/work/yuque-mcp/yuque-mcp
2026-01-30T13:52:37.5301906Z [command]/usr/bin/git config --local --name-only --get-regexp core\.sshCommand
2026-01-30T13:52:37.5341777Z [command]/usr/bin/git submodule foreach --recursive sh -c "git config --local --name-only --get-regexp 'core\.sshCommand' && git config --local --unset-all 'core.sshCommand' || :"
2026-01-30T13:52:37.5618801Z [command]/usr/bin/git config --local --name-only --get-regexp http\.https\:\/\/github\.com\/\.extraheader
2026-01-30T13:52:37.5646422Z http.https://github.com/.extraheader
2026-01-30T13:52:37.5661728Z [command]/usr/bin/git config --local --unset-all http.https://github.com/.extraheader
2026-01-30T13:52:37.5698323Z [command]/usr/bin/git submodule foreach --recursive sh -c "git config --local --name-only --get-regexp 'http\.https\:\/\/github\.com\/\.extraheader' && git config --local --unset-all 'http.https://github.com/.extraheader' || :"
2026-01-30T13:52:37.5935892Z [command]/usr/bin/git config --local --name-only --get-regexp ^includeIf\.gitdir:
2026-01-30T13:52:37.5972786Z [command]/usr/bin/git submodule foreach --recursive git config --local --show-origin --name-only --get-regexp remote.origin.url
2026-01-30T13:52:37.6323450Z Cleaning up orphan processes
